Error at line 2:5 : symbol 'b' has not been declared before this use!
