Error at line 6: symbol 'b' has not been declared before this use!
