Error at line 2: symbol 'b' has not been declared before this use!
