int main(int a, int b)
{
}
int main2()
{
}
int main3(int c)
{
}

