int main()
{
    int a = 0;
    if (a == 0)
    {
        continue;
    }
    else
    {
        break;
    }
    if (a < 0)
    {
        if (b != 1)
        {
        }
        else
        {
        }
    }
}

