Error at line 9: symbol 'read' is not declared
Error at line 10: symbol 'print' is not declared
