Error at line 4:5 : symbol 'main' is already declared!
