Error at line 7: symbol 'b' is a function call but declared as a variable
