Error at line 2:13 : symbol 'b' has not been declared before this use!
