Error at line 3:9 : symbol 'a' is already declared!
