Error at line 2: type error : expected IntType but got BoolType
